2026-09-06T21:14:46: ⨯ Failed to start server
2026-09-06T21:14:46: Error: listen EADDRINUSE: address already in use :::3000
2026-09-06T21:14:46:     at <unknown> (Error: listen EADDRINUSE: address already in use :::3000)
2026-09-06T21:14:46:     at new Promise (<anonymous>) {
2026-09-06T21:14:46:   code: 'EADDRINUSE',
2026-09-06T21:14:46:   errno: -98,
2026-09-06T21:14:46:   syscall: 'listen',
2026-09-06T21:14:46:   address: '::',
2026-09-06T21:14:46:   port: 3000
2026-09-06T21:14:46: }
2026-09-06T21:14:50: ⨯ Failed to start server
2026-09-06T21:14:50: Error: listen EADDRINUSE: address already in use :::3000
2026-09-06T21:14:50:     at <unknown> (Error: listen EADDRINUSE: address already in use :::3000)
2026-09-06T21:14:50:     at new Promise (<anonymous>) {
2026-09-06T21:14:50:   code: 'EADDRINUSE',
2026-09-06T21:14:50:   errno: -98,
2026-09-06T21:14:50:   syscall: 'listen',
2026-09-06T21:14:50:   address: '::',
2026-09-06T21:14:50:   port: 3000
2026-09-06T21:14:50: }
2026-09-06T21:14:53: ⨯ Failed to start server
2026-09-06T21:14:53: Error: listen EADDRINUSE: address already in use :::3000
2026-09-06T21:14:53:     at <unknown> (Error: listen EADDRINUSE: address already in use :::3000)
2026-09-06T21:14:53:     at new Promise (<anonymous>) {
2026-09-06T21:14:53:   code: 'EADDRINUSE',
2026-09-06T21:14:53:   errno: -98,
2026-09-06T21:14:53:   syscall: 'listen',
2026-09-06T21:14:53:   address: '::',
2026-09-06T21:14:53:   port: 3000
2026-09-06T21:14:53: }
2026-09-06T21:15:45: ⨯ Failed to start server
2026-09-06T21:15:45: Error: listen EADDRINUSE: address already in use :::3000
2026-09-06T21:15:45:     at <unknown> (Error: listen EADDRINUSE: address already in use :::3000)
2026-09-06T21:15:45:     at new Promise (<anonymous>) {
2026-09-06T21:15:45:   code: 'EADDRINUSE',
2026-09-06T21:15:45:   errno: -98,
2026-09-06T21:15:45:   syscall: 'listen',
2026-09-06T21:15:45:   address: '::',
2026-09-06T21:15:45:   port: 3000
2026-09-06T21:15:45: }
2026-09-06T21:15:48: ⨯ Failed to start server
2026-09-06T21:15:48: Error: listen EADDRINUSE: address already in use :::3000
2026-09-06T21:15:48:     at <unknown> (Error: listen EADDRINUSE: address already in use :::3000)
2026-09-06T21:15:48:     at new Promise (<anonymous>) {
2026-09-06T21:15:48:   code: 'EADDRINUSE',
2026-09-06T21:15:48:   errno: -98,
2026-09-06T21:15:48:   syscall: 'listen',
2026-09-06T21:15:48:   address: '::',
2026-09-06T21:15:48:   port: 3000
2026-09-06T21:15:48: }
2026-09-06T21:15:52: ⨯ Failed to start server
2026-09-06T21:15:52: Error: listen EADDRINUSE: address already in use :::3000
2026-09-06T21:15:52:     at <unknown> (Error: listen EADDRINUSE: address already in use :::3000)
2026-09-06T21:15:52:     at new Promise (<anonymous>) {
2026-09-06T21:15:52:   code: 'EADDRINUSE',
2026-09-06T21:15:52:   errno: -98,
2026-09-06T21:15:52:   syscall: 'listen',
2026-09-06T21:15:52:   address: '::',
2026-09-06T21:15:52:   port: 3000
2026-09-06T21:15:52: }
2026-09-06T21:17:41: ⨯ Failed to start server
2026-09-06T21:17:41: Error: listen EADDRINUSE: address already in use :::3000
2026-09-06T21:17:41:     at <unknown> (Error: listen EADDRINUSE: address already in use :::3000)
2026-09-06T21:17:41:     at new Promise (<anonymous>) {
2026-09-06T21:17:41:   code: 'EADDRINUSE',
2026-09-06T21:17:41:   errno: -98,
2026-09-06T21:17:41:   syscall: 'listen',
2026-09-06T21:17:41:   address: '::',
2026-09-06T21:17:41:   port: 3000
2026-09-06T21:17:41: }
2026-09-06T21:31:07: ⨯ Failed to start server
2026-09-06T21:31:07: Error: listen EADDRINUSE: address already in use :::3000
2026-09-06T21:31:07:     at <unknown> (Error: listen EADDRINUSE: address already in use :::3000)
2026-09-06T21:31:07:     at new Promise (<anonymous>) {
2026-09-06T21:31:07:   code: 'EADDRINUSE',
2026-09-06T21:31:07:   errno: -98,
2026-09-06T21:31:07:   syscall: 'listen',
2026-09-06T21:31:07:   address: '::',
2026-09-06T21:31:07:   port: 3000
2026-09-06T21:31:07: }
